// Jest Snapshot v1, https://goo.gl/fbAQLP

exports[`Tests for <CounterApp /> should match with snapshot 1`] = `
<div>
  <h1>
    CounterApp
  </h1>
  <h1>
    10
  </h1>
  <button>
    +1
  </button>
  <button>
    -1
  </button>
  <button>
    reset
  </button>
</div>
`;
